[INFO] Error stacktraces are turned on.
[INFO] Scanning for projects...
[INFO] 
[INFO] ------------------< com.propnexium:propnexium-final >-------------------
[INFO] Building PropNexium 1.0.0
[INFO]   from pom.xml
[INFO] --------------------------------[ war ]---------------------------------
[INFO] 
[INFO] --- resources:3.3.1:resources (default-resources) @ propnexium-final ---
[INFO] Copying 1 resource from src\main\resources to target\classes
[INFO] Copying 1 resource from src\main\resources to target\classes
[INFO] 
[INFO] --- compiler:3.11.0:compile (default-compile) @ propnexium-final ---
[INFO] Changes detected - recompiling the module! :source
[INFO] Compiling 107 source files with javac [debug release 17] to target\classes
[INFO] -------------------------------------------------------------
[WARNING] COMPILATION WARNING : 
[INFO] -------------------------------------------------------------
[WARNING] /E:/Documents/propnexium/src/main/java/com/propnexium/dto/request/PropertyRequest.java:[28,21] @Builder will ignore the initializing expression entirely. If you want the initializing expression to serve as default, add @Builder.Default. If it is not supposed to be settable during building, make the field final.
[WARNING] /E:/Documents/propnexium/src/main/java/com/propnexium/dto/request/PropertyRequest.java:[42,30] @Builder will ignore the initializing expression entirely. If you want the initializing expression to serve as default, add @Builder.Default. If it is not supposed to be settable during building, make the field final.
[WARNING] /E:/Documents/propnexium/src/main/java/com/propnexium/dto/request/PropertyRequest.java:[57,24] @Builder will ignore the initializing expression entirely. If you want the initializing expression to serve as default, add @Builder.Default. If it is not supposed to be settable during building, make the field final.
[WARNING] /E:/Documents/propnexium/src/main/java/com/propnexium/dto/request/PropertyRequest.java:[58,21] @Builder will ignore the initializing expression entirely. If you want the initializing expression to serve as default, add @Builder.Default. If it is not supposed to be settable during building, make the field final.
[INFO] 4 warnings 
[INFO] -------------------------------------------------------------
[INFO] -------------------------------------------------------------
[ERROR] COMPILATION ERROR : 
[INFO] -------------------------------------------------------------
[ERROR] /E:/Documents/propnexium/src/main/java/com/propnexium/controller/web/admin/AdminAnalyticsController.java:[46,71] cannot find symbol
  symbol:   method getMonthlyListingCounts()
  location: variable propertyRepository of type com.propnexium.repository.PropertyRepository
[ERROR] /E:/Documents/propnexium/src/main/java/com/propnexium/controller/web/admin/AdminAnalyticsController.java:[50,72] cannot find symbol
  symbol:   method getPropertyTypeDistribution()
  location: variable propertyRepository of type com.propnexium.repository.PropertyRepository
[ERROR] /E:/Documents/propnexium/src/main/java/com/propnexium/controller/web/admin/AdminAnalyticsController.java:[51,76] cannot find symbol
  symbol:   method getListingCategoryDistribution()
  location: variable propertyRepository of type com.propnexium.repository.PropertyRepository
[ERROR] /E:/Documents/propnexium/src/main/java/com/propnexium/controller/web/admin/AdminAnalyticsController.java:[57,66] cannot find symbol
  symbol:   method getMostViewedProperties()
  location: variable propertyRepository of type com.propnexium.repository.PropertyRepository
[ERROR] /E:/Documents/propnexium/src/main/java/com/propnexium/controller/web/admin/AdminAnalyticsController.java:[60,54] cannot find symbol
  symbol:   method getTotalPlatformValue()
  location: variable propertyRepository of type com.propnexium.repository.PropertyRepository
[INFO] 5 errors 
[INFO] -------------------------------------------------------------
[INFO] ------------------------------------------------------------------------
[INFO] BUILD FAILURE
[INFO] ------------------------------------------------------------------------
[INFO] Total time:  13.032 s
[INFO] Finished at: 2026-03-17T11:49:57+05:30
[INFO] ------------------------------------------------------------------------
[ERROR] Failed to execute goal org.apache.maven.plugins:maven-compiler-plugin:3.11.0:compile (default-compile) on project propnexium-final: Compilation failure: Compilation failure: 
[ERROR] /E:/Documents/propnexium/src/main/java/com/propnexium/controller/web/admin/AdminAnalyticsController.java:[46,71] cannot find symbol
[ERROR]   symbol:   method getMonthlyListingCounts()
[ERROR]   location: variable propertyRepository of type com.propnexium.repository.PropertyRepository
[ERROR] /E:/Documents/propnexium/src/main/java/com/propnexium/controller/web/admin/AdminAnalyticsController.java:[50,72] cannot find symbol
[ERROR]   symbol:   method getPropertyTypeDistribution()
[ERROR]   location: variable propertyRepository of type com.propnexium.repository.PropertyRepository
[ERROR] /E:/Documents/propnexium/src/main/java/com/propnexium/controller/web/admin/AdminAnalyticsController.java:[51,76] cannot find symbol
[ERROR]   symbol:   method getListingCategoryDistribution()
[ERROR]   location: variable propertyRepository of type com.propnexium.repository.PropertyRepository
[ERROR] /E:/Documents/propnexium/src/main/java/com/propnexium/controller/web/admin/AdminAnalyticsController.java:[57,66] cannot find symbol
[ERROR]   symbol:   method getMostViewedProperties()
[ERROR]   location: variable propertyRepository of type com.propnexium.repository.PropertyRepository
[ERROR] /E:/Documents/propnexium/src/main/java/com/propnexium/controller/web/admin/AdminAnalyticsController.java:[60,54] cannot find symbol
[ERROR]   symbol:   method getTotalPlatformValue()
[ERROR]   location: variable propertyRepository of type com.propnexium.repository.PropertyRepository
[ERROR] -> [Help 1]
org.apache.maven.lifecycle.LifecycleExecutionException: Failed to execute goal org.apache.maven.plugins:maven-compiler-plugin:3.11.0:compile (default-compile) on project propnexium-final: Compilation failure
    at org.apache.maven.lifecycle.internal.MojoExecutor.doExecute2 (MojoExecutor.java:333)
    at org.apache.maven.lifecycle.internal.MojoExecutor.doExecute (MojoExecutor.java:316)
    at org.apache.maven.lifecycle.internal.MojoExecutor.execute (MojoExecutor.java:212)
    at org.apache.maven.lifecycle.internal.MojoExecutor.execute (MojoExecutor.java:174)
    at org.apache.maven.lifecycle.internal.MojoExecutor.access$000 (MojoExecutor.java:75)
    at org.apache.maven.lifecycle.internal.MojoExecutor$1.run (MojoExecutor.java:162)
    at org.apache.maven.plugin.DefaultMojosExecutionStrategy.execute (DefaultMojosExecutionStrategy.java:39)
    at org.apache.maven.lifecycle.internal.MojoExecutor.execute (MojoExecutor.java:159)
    at org.apache.maven.lifecycle.internal.LifecycleModuleBuilder.buildProject (LifecycleModuleBuilder.java:105)
    at org.apache.maven.lifecycle.internal.LifecycleModuleBuilder.buildProject (LifecycleModuleBuilder.java:73)
    at org.apache.maven.lifecycle.internal.builder.singlethreaded.SingleThreadedBuilder.build (SingleThreadedBuilder.java:53)
    at org.apache.maven.lifecycle.internal.LifecycleStarter.execute (LifecycleStarter.java:118)
    at org.apache.maven.DefaultMaven.doExecute (DefaultMaven.java:261)
    at org.apache.maven.DefaultMaven.doExecute (DefaultMaven.java:173)
    at org.apache.maven.DefaultMaven.execute (DefaultMaven.java:101)
    at org.apache.maven.cli.MavenCli.execute (MavenCli.java:906)
    at org.apache.maven.cli.MavenCli.doMain (MavenCli.java:283)
    at org.apache.maven.cli.MavenCli.main (MavenCli.java:206)
    at jdk.internal.reflect.NativeMethodAccessorImpl.invoke0 (Native Method)
    at jdk.internal.reflect.NativeMethodAccessorImpl.invoke (NativeMethodAccessorImpl.java:77)
    at jdk.internal.reflect.DelegatingMethodAccessorImpl.invoke (DelegatingMethodAccessorImpl.java:43)
    at java.lang.reflect.Method.invoke (Method.java:568)
    at org.codehaus.plexus.classworlds.launcher.Launcher.launchEnhanced (Launcher.java:255)
    at org.codehaus.plexus.classworlds.launcher.Launcher.launch (Launcher.java:201)
    at org.codehaus.plexus.classworlds.launcher.Launcher.mainWithExitCode (Launcher.java:361)
    at org.codehaus.plexus.classworlds.launcher.Launcher.main (Launcher.java:314)
Caused by: org.apache.maven.plugin.compiler.CompilationFailureException: Compilation failure
    at org.apache.maven.plugin.compiler.AbstractCompilerMojo.execute (AbstractCompilerMojo.java:1212)
    at org.apache.maven.plugin.compiler.CompilerMojo.execute (CompilerMojo.java:193)
    at org.apache.maven.plugin.DefaultBuildPluginManager.executeMojo (DefaultBuildPluginManager.java:126)
    at org.apache.maven.lifecycle.internal.MojoExecutor.doExecute2 (MojoExecutor.java:328)
    at org.apache.maven.lifecycle.internal.MojoExecutor.doExecute (MojoExecutor.java:316)
    at org.apache.maven.lifecycle.internal.MojoExecutor.execute (MojoExecutor.java:212)
    at org.apache.maven.lifecycle.internal.MojoExecutor.execute (MojoExecutor.java:174)
    at org.apache.maven.lifecycle.internal.MojoExecutor.access$000 (MojoExecutor.java:75)
    at org.apache.maven.lifecycle.internal.MojoExecutor$1.run (MojoExecutor.java:162)
    at org.apache.maven.plugin.DefaultMojosExecutionStrategy.execute (DefaultMojosExecutionStrategy.java:39)
    at org.apache.maven.lifecycle.internal.MojoExecutor.execute (MojoExecutor.java:159)
    at org.apache.maven.lifecycle.internal.LifecycleModuleBuilder.buildProject (LifecycleModuleBuilder.java:105)
    at org.apache.maven.lifecycle.internal.LifecycleModuleBuilder.buildProject (LifecycleModuleBuilder.java:73)
    at org.apache.maven.lifecycle.internal.builder.singlethreaded.SingleThreadedBuilder.build (SingleThreadedBuilder.java:53)
    at org.apache.maven.lifecycle.internal.LifecycleStarter.execute (LifecycleStarter.java:118)
    at org.apache.maven.DefaultMaven.doExecute (DefaultMaven.java:261)
    at org.apache.maven.DefaultMaven.doExecute (DefaultMaven.java:173)
    at org.apache.maven.DefaultMaven.execute (DefaultMaven.java:101)
    at org.apache.maven.cli.MavenCli.execute (MavenCli.java:906)
    at org.apache.maven.cli.MavenCli.doMain (MavenCli.java:283)
    at org.apache.maven.cli.MavenCli.main (MavenCli.java:206)
    at jdk.internal.reflect.NativeMethodAccessorImpl.invoke0 (Native Method)
    at jdk.internal.reflect.NativeMethodAccessorImpl.invoke (NativeMethodAccessorImpl.java:77)
    at jdk.internal.reflect.DelegatingMethodAccessorImpl.invoke (DelegatingMethodAccessorImpl.java:43)
    at java.lang.reflect.Method.invoke (Method.java:568)
    at org.codehaus.plexus.classworlds.launcher.Launcher.launchEnhanced (Launcher.java:255)
    at org.codehaus.plexus.classworlds.launcher.Launcher.launch (Launcher.java:201)
    at org.codehaus.plexus.classworlds.launcher.Launcher.mainWithExitCode (Launcher.java:361)
    at org.codehaus.plexus.classworlds.launcher.Launcher.main (Launcher.java:314)
[ERROR] 
[ERROR] Re-run Maven using the -X switch to enable full debug logging.
[ERROR] 
[ERROR] For more information about the errors and possible solutions, please read the following articles:
[ERROR] [Help 1] http://cwiki.apache.org/confluence/display/MAVEN/MojoFailureException
