[INFO] Scanning for projects...
[INFO] 
[INFO] ------------------< com.propnexium:propnexium-final >-------------------
[INFO] Building PropNexium 1.0.0
[INFO]   from pom.xml
[INFO] --------------------------------[ war ]---------------------------------
[INFO] 
[INFO] --- clean:3.3.2:clean (default-clean) @ propnexium-final ---
[INFO] Deleting E:\Documents\propnexium\target
[INFO] 
[INFO] --- resources:3.3.1:resources (default-resources) @ propnexium-final ---
[INFO] Copying 1 resource from src\main\resources to target\classes
[INFO] Copying 1 resource from src\main\resources to target\classes
[INFO] 
[INFO] --- compiler:3.11.0:compile (default-compile) @ propnexium-final ---
[INFO] Changes detected - recompiling the module! :source
[INFO] Compiling 164 source files with javac [debug release 17] to target\classes
[INFO] -------------------------------------------------------------
[ERROR] COMPILATION ERROR : 
[INFO] -------------------------------------------------------------
[ERROR] /E:/Documents/propnexium/src/main/java/com/propnexium/config/DataLoader.java:[360,17] not a statement
[ERROR] /E:/Documents/propnexium/src/main/java/com/propnexium/config/DataLoader.java:[360,67] ';' expected
[ERROR] /E:/Documents/propnexium/src/main/java/com/propnexium/config/DataLoader.java:[364,39] not a statement
[ERROR] /E:/Documents/propnexium/src/main/java/com/propnexium/config/DataLoader.java:[364,49] ';' expected
[ERROR] /E:/Documents/propnexium/src/main/java/com/propnexium/config/DataLoader.java:[364,51] not a statement
[ERROR] /E:/Documents/propnexium/src/main/java/com/propnexium/config/DataLoader.java:[364,56] ';' expected
[INFO] 6 errors 
[INFO] -------------------------------------------------------------
[INFO] ------------------------------------------------------------------------
[INFO] BUILD FAILURE
[INFO] ------------------------------------------------------------------------
[INFO] Total time:  3.489 s
[INFO] Finished at: 2026-04-02T12:41:21+05:30
[INFO] ------------------------------------------------------------------------
[ERROR] Failed to execute goal org.apache.maven.plugins:maven-compiler-plugin:3.11.0:compile (default-compile) on project propnexium-final: Compilation failure: Compilation failure: 
[ERROR] /E:/Documents/propnexium/src/main/java/com/propnexium/config/DataLoader.java:[360,17] not a statement
[ERROR] /E:/Documents/propnexium/src/main/java/com/propnexium/config/DataLoader.java:[360,67] ';' expected
[ERROR] /E:/Documents/propnexium/src/main/java/com/propnexium/config/DataLoader.java:[364,39] not a statement
[ERROR] /E:/Documents/propnexium/src/main/java/com/propnexium/config/DataLoader.java:[364,49] ';' expected
[ERROR] /E:/Documents/propnexium/src/main/java/com/propnexium/config/DataLoader.java:[364,51] not a statement
[ERROR] /E:/Documents/propnexium/src/main/java/com/propnexium/config/DataLoader.java:[364,56] ';' expected
[ERROR] -> [Help 1]
[ERROR] 
[ERROR] To see the full stack trace of the errors, re-run Maven with the -e switch.
[ERROR] Re-run Maven using the -X switch to enable full debug logging.
[ERROR] 
[ERROR] For more information about the errors and possible solutions, please read the following articles:
[ERROR] [Help 1] http://cwiki.apache.org/confluence/display/MAVEN/MojoFailureException
